Model: TI92

// Alphabetical
PCKEY_a:TIKEY_A
PCKEY_b:TIKEY_B
PCKEY_c:TIKEY_C
PCKEY_d:TIKEY_D
PCKEY_e:TIKEY_E
PCKEY_f:TIKEY_F
PCKEY_g:TIKEY_G
PCKEY_h:TIKEY_H
PCKEY_i:TIKEY_I
PCKEY_j:TIKEY_J
PCKEY_k:TIKEY_K
PCKEY_l:TIKEY_L
PCKEY_m:TIKEY_M
PCKEY_n:TIKEY_N
PCKEY_o:TIKEY_O
PCKEY_p:TIKEY_P
PCKEY_q:TIKEY_Q
PCKEY_r:TIKEY_R
PCKEY_s:TIKEY_S
PCKEY_t:TIKEY_T
PCKEY_u:TIKEY_U
PCKEY_v:TIKEY_V
PCKEY_w:TIKEY_W
PCKEY_x:TIKEY_X
PCKEY_y:TIKEY_Y
PCKEY_z:TIKEY_Z

// Numerical
PCKEY_0,PCKEY_KP_0:TIKEY_0
PCKEY_1,PCKEY_KP_1:TIKEY_1
PCKEY_2,PCKEY_KP_2:TIKEY_2
PCKEY_3,PCKEY_KP_3:TIKEY_3
PCKEY_4,PCKEY_KP_4:TIKEY_4
PCKEY_5,PCKEY_KP_5:TIKEY_5
PCKEY_6,PCKEY_KP_6:TIKEY_6
PCKEY_7,PCKEY_KP_7:TIKEY_7
PCKEY_8,PCKEY_KP_8:TIKEY_8
PCKEY_9,PCKEY_KP_9:TIKEY_9

// Operations
PCKEY_Add,PCKEY_KP_Add:TIKEY_PLUS
PCKEY_multiply,PCKEY_KP_Multiply:TIKEY_MULTIPLY
PCKEY_slash,PCKEY_KP_Divide:TIKEY_DIVIDE
PCKEY_KP_Subtract:TIKEY_MINUS

// Arrows
PCKEY_Up:TIKEY_UP
PCKEY_Down:TIKEY_DOWN
PCKEY_Right:TIKEY_RIGHT
PCKEY_Left:TIKEY_LEFT

// Functions
PCKEY_F1:TIKEY_F1
PCKEY_F2:TIKEY_F2
PCKEY_F3:TIKEY_F3
PCKEY_F4:TIKEY_F4
PCKEY_F5:TIKEY_F5
PCKEY_F6:TIKEY_F6
PCKEY_F7:TIKEY_F7
PCKEY_F8:TIKEY_F8

// Ctrl keys
PCKEY_Shift_L,PCKEY_Shift_R:TIKEY_SHIFT
PCKEY_Control_L,PCKEY_Control_R:TIKEY_DIAMOND
PCKEY_Alt_L,PCKEY_Alt_R:TIKEY_2ND
PCKEY_Caps_Lock:TIKEY_HAND

PCKEY_Return,PCKEY_KP_Enter:TIKEY_ENTER1
PCKEY_Escape:TIKEY_ESCAPE
PCKEY_BackSpace:TIKEY_BACKSPACE

// Others
PCKEY_minus:TIKEY_NEGATE
PCKEY_equal:TIKEY_EQUALS
PCKEY_bracketleft,PCKEY_parenright:TIKEY_PALEFT
PCKEY_bracketright,PCKEY_dead_circumflex:TIKEY_PARIGHT
PCKEY_comma:TIKEY_COMMA
PCKEY_period,PCKEY_semicolon/fr,PCKEY_KP_Decimal:TIKEY_PERIOD
PCKEY_colon:TIKEY_DIVIDE
PCKEY_space:TIKEY_SPACE
		
// Specific
PCKEY_grave,PCKEY_ugrave:TIKEY_MODE
PCKEY_backslash,PCKEY_asterisk/fr:TIKEY_LN
PCKEY_semicolon/en,PCKEY_dollar/fr:TIKEY_THETA
PCKEY_F9:TIKEY_APPS
PCKEY_Tab,PCKEY_ISO_Left_Tab:TIKEY_STORE
PCKEY_Insert:TIKEY_SIN
PCKEY_Home:TIKEY_COS
PCKEY_Page_Up:TIKEY_TAN
PCKEY_Delete:TIKEY_CLEAR
PCKEY_Scroll_Lock:TIKEY_ON
PCKEY_End:TIKEY_ENTER2
PCKEY_Page_Down:TIKEY_POWER

// Linux
//PCKEY_SEPARATOR:TIKEY_ENTER2